1772782303005	geckodriver	INFO	Listening on 127.0.0.1:53038
1772782306106	mozrunner::runner	INFO	Running command: "C:\\Program Files\\Mozilla Firefox\\firefox.exe" "--marionette" "--remote-debugging-port" "53039" "--remote-allow-hosts" "localhost" "-no-remote" "-profile" "C:\\Users\\RADIOL~1\\AppData\\Local\\Temp\\rust_mozprofile08wgTO"
console.warn: services.settings: Ignoring preference override of remote settings server
console.warn: services.settings: Allow by setting MOZ_REMOTE_SETTINGS_DEVTOOLS=1 in the environment
Dynamically enable window occlusion 0
1772782306325	Marionette	INFO	Marionette enabled
1772782306398	Marionette	INFO	Listening on port 57496
WebDriver BiDi listening on ws://127.0.0.1:53039
Read port: 57496
1772782306490	RemoteAgent	WARN	TLS certificate errors will be ignored for this session
console.warn: LoginRecipes: "Falling back to a synchronous message for: https://www.saucedemo.com."
console.warn: LoginRecipes: "Falling back to a synchronous message for: https://www.saucedemo.com."
JavaScript warning: https://www.saucedemo.com/static/js/main.bcf4bc5f.js, line 2: Script terminated by timeout at:
value@https://www.saucedemo.com/static/js/main.bcf4bc5f.js:2:488138
value@https://www.saucedemo.com/static/js/main.bcf4bc5f.js:2:487665
value@https://www.saucedemo.com/static/js/main.bcf4bc5f.js:2:509574
value@https://www.saucedemo.com/static/js/main.bcf4bc5f.js:2:505799
89083/r/936/t/7429/value/<@https://www.saucedemo.com/static/js/main.bcf4bc5f.js:2:440840

1772782315591	Marionette	INFO	Stopped listening on port 57496
Dynamically enable window occlusion 1
console.warn: TopSitesFeed: Failed to fetch data from MARS server: NetworkError when attempting to fetch resource.
